../Core/Src/main.c:77:5:main	8	static
../Core/Src/main.c:129:6:SystemClock_Config	96	static
../Core/Src/main.c:179:13:MX_TIM2_Init	64	static
../Core/Src/main.c:242:13:MX_GPIO_Init	48	static
../Core/Src/main.c:285:6:ControlLaser	16	static
../Core/Src/main.c:297:6:ControlFlashlight	16	static
../Core/Src/main.c:309:6:MoveServoToRandomPosition	16	static
../Core/Src/main.c:317:6:MoveServoToPosition	16	static
../Core/Src/main.c:324:6:StartPWM	8	static
../Core/Src/main.c:330:6:HAL_GPIO_EXTI_Callback	24	static
../Core/Src/main.c:376:6:Error_Handler	4	static,ignoring_inline_asm
