../Core/Src/main.c:78:5:main	8	static
../Core/Src/main.c:130:6:SystemClock_Config	96	static
../Core/Src/main.c:180:13:MX_TIM2_Init	64	static
../Core/Src/main.c:243:13:MX_GPIO_Init	48	static
../Core/Src/main.c:286:6:ControlLaser	16	static
../Core/Src/main.c:298:6:ControlFlashlight	16	static
../Core/Src/main.c:312:6:ControlBuzzer	16	static
../Core/Src/main.c:324:6:MoveServoToRandomPosition	16	static
../Core/Src/main.c:332:6:MoveServoToPosition	16	static
../Core/Src/main.c:339:6:StartPWM	8	static
../Core/Src/main.c:345:6:HAL_GPIO_EXTI_Callback	24	static
../Core/Src/main.c:391:6:Error_Handler	4	static,ignoring_inline_asm
